<?xml version='1.0' encoding='utf-8'?>
<testsuites name="cocotb tests"><testsuite name="test" errors="0" failures="0" skipped="0" tests="11" time="5.107" timestamp="2026-09-10T02:49:16.631294+00:00" hostname="vm"><testcase classname="test" name="test_counter_wraps" time="0.106"><properties><property name="cocotb" value="True" /><property name="random_seed" value="1789008556" /><property name="file" value="/home/claude/agila32_impl/test/test.py" /><property name="line" value="160" /><property name="sim_time_unit" value="ns" /><property name="sim_time_start" value="0.0" /><property name="sim_time_stop" value="16300000.0" /><property name="sim_time_duration" value="16300000.0" /><property name="sim_time_ratio" value="154460533.5569152" /></properties></testcase><testcase classname="test" name="test_reset_starts_from_zero" time="0.001"><properties><property name="cocotb" value="True" /><property name="random_seed" value="1789008556" /><property name="file" value="/home/claude/agila32_impl/test/test.py" /><property name="line" value="190" /><property name="sim_time_unit" value="ns" /><property name="sim_time_start" value="16300000.001" /><property name="sim_time_stop" value="16460000.001" /><property name="sim_time_duration" value="160000.0" /><property name="sim_time_ratio" value="140596798.25703564" /></properties></testcase><testcase classname="test" name="test_ui_in_upper_bits_do_not_affect_counter" time="0.087"><properties><property name="cocotb" value="True" /><property name="random_seed" value="1789008556" /><property name="file" value="/home/claude/agila32_impl/test/test.py" /><property name="line" value="203" /><property name="sim_time_unit" value="ns" /><property name="sim_time_start" value="16460000.002" /><property name="sim_time_stop" value="32760000.002" /><property name="sim_time_duration" value="16300000.0" /><property name="sim_time_ratio" value="188400328.18174344" /></properties></testcase><testcase classname="test" name="test_selftest_fails_without_pmod" time="0.050"><properties><property name="cocotb" value="True" /><property name="random_seed" value="1789008556" /><property name="file" value="/home/claude/agila32_impl/test/test.py" /><property name="line" value="237" /><property name="sim_time_unit" value="ns" /><property name="sim_time_start" value="32760000.003" /><property name="sim_time_stop" value="46750000.003" /><property name="sim_time_duration" value="13990000.0" /><property name="sim_time_ratio" value="278165847.9666103" /></properties></testcase><testcase classname="test" name="test_selftest_passes_with_pmod" time="0.013"><properties><property name="cocotb" value="True" /><property name="random_seed" value="1789008556" /><property name="file" value="/home/claude/agila32_impl/test/test.py" /><property name="line" value="261" /><property name="sim_time_unit" value="ns" /><property name="sim_time_start" value="46750000.004" /><property name="sim_time_stop" value="49400000.004" /><property name="sim_time_duration" value="2650000.0" /><property name="sim_time_ratio" value="200206840.1080297" /></properties></testcase><testcase classname="test" name="test_selftest_detects_mismatch" time="0.013"><properties><property name="cocotb" value="True" /><property name="random_seed" value="1789008556" /><property name="file" value="/home/claude/agila32_impl/test/test.py" /><property name="line" value="288" /><property name="sim_time_unit" value="ns" /><property name="sim_time_start" value="49400000.005" /><property name="sim_time_stop" value="52190000.005" /><property name="sim_time_duration" value="2790000.0" /><property name="sim_time_ratio" value="215292163.81328613" /></properties></testcase><testcase classname="test" name="test_selftest_transaction_addresses_match" time="0.013"><properties><property name="cocotb" value="True" /><property name="random_seed" value="1789008556" /><property name="file" value="/home/claude/agila32_impl/test/test.py" /><property name="line" value="309" /><property name="sim_time_unit" value="ns" /><property name="sim_time_start" value="52190000.006" /><property name="sim_time_stop" value="54840000.006" /><property name="sim_time_duration" value="2650000.0" /><property name="sim_time_ratio" value="207793315.75263134" /></properties></testcase><testcase classname="test" name="test_flash_cs_never_asserted" time="0.041"><properties><property name="cocotb" value="True" /><property name="random_seed" value="1789008556" /><property name="file" value="/home/claude/agila32_impl/test/test.py" /><property name="line" value="335" /><property name="sim_time_unit" value="ns" /><property name="sim_time_start" value="54840000.007" /><property name="sim_time_stop" value="62740000.007" /><property name="sim_time_duration" value="7900000.0" /><property name="sim_time_ratio" value="191964679.27633" /></properties></testcase><testcase classname="test" name="test_uio_oe_is_constant" time="0.040"><properties><property name="cocotb" value="True" /><property name="random_seed" value="1789008556" /><property name="file" value="/home/claude/agila32_impl/test/test.py" /><property name="line" value="355" /><property name="sim_time_unit" value="ns" /><property name="sim_time_start" value="62740000.008" /><property name="sim_time_stop" value="70640000.008" /><property name="sim_time_duration" value="7900000.0" /><property name="sim_time_ratio" value="198840968.57898346" /></properties></testcase><testcase classname="test" name="test_selftest_passes_again_after_soft_reset" time="0.025"><properties><property name="cocotb" value="True" /><property name="random_seed" value="1789008556" /><property name="file" value="/home/claude/agila32_impl/test/test.py" /><property name="line" value="375" /><property name="sim_time_unit" value="ns" /><property name="sim_time_start" value="70640000.009" /><property name="sim_time_stop" value="76040000.009" /><property name="sim_time_duration" value="5400000.0" /><property name="sim_time_ratio" value="213251082.6548077" /></properties></testcase><testcase classname="test" name="test_bootloader_loads_and_runs_program" time="4.718"><properties><property name="cocotb" value="True" /><property name="random_seed" value="1789008556" /><property name="file" value="/home/claude/agila32_impl/test/test.py" /><property name="line" value="405" /><property name="sim_time_unit" value="ns" /><property name="sim_time_start" value="76040000.01" /><property name="sim_time_stop" value="1116340000.01" /><property name="sim_time_duration" value="1040300000.0" /><property name="sim_time_ratio" value="220488767.4483597" /></properties></testcase></testsuite></testsuites>